../Project_BSP/DS1307.c:27:13:ds1307_i2c_pin_config	32	static
../Project_BSP/DS1307.c:63:13:ds1307_i2c_config	8	static
../Project_BSP/DS1307.c:73:13:ds1307_write	32	static
../Project_BSP/DS1307.c:83:16:ds1307_read	32	static
../Project_BSP/DS1307.c:94:16:binary_to_bcd	24	static
../Project_BSP/DS1307.c:111:16:bcd_to_binary	24	static
../Project_BSP/DS1307.c:134:9:ds1307_init	16	static
../Project_BSP/DS1307.c:170:6:ds1307_set_current_time	24	static
../Project_BSP/DS1307.c:211:6:ds1307_set_current_date	16	static
../Project_BSP/DS1307.c:240:6:ds1307_get_current_time	24	static
../Project_BSP/DS1307.c:281:6:ds1307_get_current_date	16	static
