../Project_BSP/LCD.c:16:13:mdelay	24	static
../Project_BSP/LCD.c:22:13:udelay	24	static
../Project_BSP/LCD.c:28:13:write_4_bits	16	static
../Project_BSP/LCD.c:39:13:lcd_enable	8	static
../Project_BSP/LCD.c:55:6:lcd_send_command	16	static
../Project_BSP/LCD.c:71:6:lcd_print_char	16	static
../Project_BSP/LCD.c:87:6:lcd_display_clear	8	static
../Project_BSP/LCD.c:97:6:lcd_print_string	16	static
../Project_BSP/LCD.c:107:6:lcd_display_return_home	8	static
../Project_BSP/LCD.c:117:6:lcd_set_cursor	16	static
../Project_BSP/LCD.c:147:6:lcd_init	24	static
